Mounting path: /home/runner/work/canas-program/canas-program
Workspace path: /home/runner/work/canas-program/canas-program
Unable to find image 'solanafoundation/solana-verifiable-build:3.1.14' locally
3.1.14: Pulling from solanafoundation/solana-verifiable-build
cf05a52c0235: Pulling fs layer
63964a8518f5: Pulling fs layer
ca513cad200b: Pulling fs layer
c187b51b626e: Pulling fs layer
ac1f5aa16bb5: Pulling fs layer
b5de2fe4278c: Pulling fs layer
08d6981283c6: Pulling fs layer
79a769bd13e5: Pulling fs layer
1a77417498af: Pulling fs layer
79a769bd13e5: Waiting
b5de2fe4278c: Waiting
1a77417498af: Waiting
08d6981283c6: Waiting
ac1f5aa16bb5: Waiting
63964a8518f5: Verifying Checksum
63964a8518f5: Download complete
cf05a52c0235: Verifying Checksum
cf05a52c0235: Download complete
ca513cad200b: Verifying Checksum
ca513cad200b: Download complete
c187b51b626e: Verifying Checksum
c187b51b626e: Download complete
b5de2fe4278c: Verifying Checksum
b5de2fe4278c: Download complete
ac1f5aa16bb5: Verifying Checksum
ac1f5aa16bb5: Download complete
1a77417498af: Verifying Checksum
1a77417498af: Download complete
cf05a52c0235: Pull complete
79a769bd13e5: Verifying Checksum
79a769bd13e5: Download complete
08d6981283c6: Verifying Checksum
08d6981283c6: Download complete
63964a8518f5: Pull complete
ca513cad200b: Pull complete
c187b51b626e: Pull complete
ac1f5aa16bb5: Pull complete
b5de2fe4278c: Pull complete
08d6981283c6: Pull complete
79a769bd13e5: Pull complete
1a77417498af: Pull complete
Digest: sha256:f6b78c98ddb1774af9cf1b5ca00ccff4dac002eded106b4d44560c2c6be4188d
Status: Downloaded newer image for solanafoundation/solana-verifiable-build:3.1.14
Workdir: /build
Building program at /build//programs/canas/
Building manifest path: /build//programs/canas/Cargo.toml
No Docker resource limits are set.
You can set the SVB_DOCKER_MEMORY_LIMIT and SVB_DOCKER_CPU_LIMIT environment variables to limit Docker resources.
For example: SVB_DOCKER_MEMORY_LIMIT=2g SVB_DOCKER_CPU_LIMIT=2.
Using container Rust toolchain: 1.86.0-x86_64-unknown-linux-gnu
   Compiling proc-macro2 v1.0.106
   Compiling unicode-ident v1.0.24
   Compiling quote v1.0.45
   Compiling version_check v0.9.5
   Compiling serde_core v1.0.228
   Compiling serde v1.0.228
   Compiling syn v1.0.109
   Compiling generic-array v0.14.7
   Compiling typenum v1.20.1
   Compiling syn v2.0.117
   Compiling hashbrown v0.17.1
   Compiling winnow v1.0.3
   Compiling equivalent v1.0.2
   Compiling indexmap v2.14.0
   Compiling toml_parser v1.1.2+spec-1.1.0
   Compiling toml_datetime v1.1.1+spec-1.1.0
   Compiling toml_edit v0.25.12+spec-1.1.0
   Compiling cfg-if v1.0.4
   Compiling cfg_aliases v0.2.1
   Compiling solana-define-syscall v2.3.0
   Compiling borsh v1.6.1
   Compiling proc-macro-crate v3.5.0
   Compiling once_cell v1.21.4
   Compiling autocfg v1.5.1
   Compiling zerocopy v0.8.50
   Compiling five8_core v0.1.2
   Compiling block-buffer v0.10.4
   Compiling crypto-common v0.1.7
   Compiling ahash v0.8.12
   Compiling zmij v1.0.21
   Compiling digest v0.10.7
   Compiling five8 v0.2.1
   Compiling borsh-derive-internal v0.10.4
   Compiling solana-sanitize v2.2.1
   Compiling solana-atomic-u64 v2.2.1
   Compiling num-traits v0.2.19
   Compiling borsh-schema-derive-internal v0.10.4
   Compiling serde_json v1.0.150
   Compiling hashbrown v0.13.2
   Compiling sha2 v0.10.9
   Compiling solana-decode-error v2.3.0
   Compiling five8_const v0.1.4
   Compiling itoa v1.0.18
   Compiling memchr v2.8.1
   Compiling bs58 v0.5.1
   Compiling solana-msg v2.2.1
   Compiling thiserror v1.0.69
   Compiling cpufeatures v0.2.17
   Compiling solana-program-memory v2.3.1
   Compiling thiserror v2.0.18
   Compiling keccak v0.1.6
   Compiling hybrid-array v0.4.12
   Compiling find-msvc-tools v0.1.9
   Compiling shlex v2.0.1
   Compiling cmov v0.5.4
   Compiling cc v1.2.63
   Compiling feature-probe v0.1.1
   Compiling bv v0.11.1
   Compiling ctutils v0.4.2
   Compiling block-buffer v0.12.0
   Compiling crypto-common v0.2.2
   Compiling solana-program-option v2.2.1
   Compiling anyhow v1.0.102
   Compiling serde_derive v1.0.228
   Compiling bytemuck_derive v1.10.2
   Compiling borsh-derive v1.6.1
   Compiling thiserror-impl v1.0.69
   Compiling bytemuck v1.25.0
   Compiling solana-sdk-macro v2.2.1
   Compiling thiserror-impl v2.0.18
   Compiling num-derive v0.4.2
   Compiling toml v0.5.11
   Compiling solana-hash v2.3.0
   Compiling bincode v1.3.3
   Compiling solana-sha256-hasher v2.3.0
   Compiling blake3 v1.8.5
   Compiling zeroize_derive v1.4.3
   Compiling proc-macro-crate v0.1.5
   Compiling digest v0.11.3
   Compiling serde_bytes v0.11.19
   Compiling arrayref v0.3.9
   Compiling rand_core v0.6.4
   Compiling log v0.4.31
   Compiling byteorder v1.5.0
   Compiling arrayvec v0.7.6
   Compiling constant_time_eq v0.4.2
   Compiling zeroize v1.8.2
   Compiling solana-fee-calculator v2.2.1
   Compiling merlin v3.0.0
   Compiling borsh-derive v0.10.4
   Compiling solana-short-vec v2.2.1
   Compiling memoffset v0.9.1
   Compiling lazy_static v1.5.0
   Compiling unicode-segmentation v1.13.3
   Compiling base64 v0.22.1
   Compiling borsh v0.10.4
   Compiling heck v0.3.3
   Compiling solana-pubkey v2.4.0
   Compiling solana-instruction v2.3.3
   Compiling solana-sdk-ids v2.2.1
   Compiling solana-borsh v2.2.1
   Compiling solana-sysvar-id v2.2.1
   Compiling solana-program-error v2.2.2
   Compiling solana-system-interface v1.0.0
   Compiling solana-clock v2.2.3
   Compiling solana-account-info v2.3.0
   Compiling solana-rent v2.2.1
   Compiling solana-stable-layout v2.2.1
   Compiling solana-serialize-utils v2.2.1
   Compiling solana-cpi v2.2.1
   Compiling solana-program-entrypoint v2.3.0
   Compiling solana-slot-hashes v2.2.1
   Compiling solana-stake-interface v1.2.1
   Compiling solana-instructions-sysvar v2.2.2
   Compiling solana-account v2.2.1
   Compiling solana-zk-sdk v2.3.13
   Compiling solana-last-restart-slot v2.2.1
   Compiling solana-epoch-rewards v2.2.1
   Compiling solana-slot-history v2.2.1
   Compiling solana-epoch-schedule v2.2.1
   Compiling solana-bincode v2.2.1
   Compiling solana-transaction-error v2.2.1
   Compiling solana-serde-varint v2.2.2
   Compiling sha3 v0.10.9
   Compiling solana-vote-interface v2.2.6
   Compiling solana-message v2.4.0
   Compiling solana-keccak-hasher v2.2.1
   Compiling solana-sysvar v2.3.0
   Compiling solana-feature-gate-interface v2.2.2
   Compiling solana-address-lookup-table-interface v2.2.2
   Compiling solana-loader-v4-interface v2.2.1
   Compiling solana-loader-v3-interface v5.0.0
   Compiling solana-program-pack v2.2.1
   Compiling solana-loader-v2-interface v2.2.1
   Compiling solana-nonce v2.2.1
   Compiling solana-blake3-hasher v2.2.1
   Compiling solana-secp256k1-recover v2.2.1
   Compiling solana-big-mod-exp v2.2.1
   Compiling getrandom v0.2.17
   Compiling solana-native-token v2.3.0
   Compiling spl-pod v0.5.1
   Compiling anchor-syn v0.31.1
   Compiling spl-discriminator-syn v0.2.1
   Compiling subtle v2.6.1
   Compiling rustversion v1.0.22
   Compiling solana-curve25519 v2.3.13
   Compiling spl-program-error-derive v0.4.1
   Compiling solana-program v2.3.0
   Compiling spl-discriminator-derive v0.2.0
   Compiling spl-discriminator v0.4.1
   Compiling spl-type-length-value v0.7.0
   Compiling num_enum_derive v0.7.6
   Compiling spl-token-confidential-transfer-proof-extraction v0.2.1
   Compiling spl-program-error v0.6.0
   Compiling spl-tlv-account-resolution v0.9.0
   Compiling anchor-lang-idl-spec v0.1.0
   Compiling spl-transfer-hook-interface v0.9.0
   Compiling spl-elgamal-registry v0.1.1
   Compiling anchor-lang-idl v0.1.2
   Compiling spl-token-metadata-interface v0.6.0
   Compiling spl-token-group-interface v0.5.0
   Compiling spl-token-confidential-transfer-ciphertext-arithmetic v0.2.1
   Compiling spl-memo v6.0.0
   Compiling solana-security-txt v1.1.3
   Compiling spl-associated-token-account-client v2.0.0
   Compiling anchor-derive-space v0.31.1
   Compiling num_enum v0.7.6
   Compiling spl-token v7.0.0
   Compiling base64 v0.21.7
   Compiling spl-token-2022 v6.0.0
   Compiling anchor-attribute-access-control v0.31.1
   Compiling anchor-attribute-constant v0.31.1
   Compiling anchor-attribute-event v0.31.1
   Compiling anchor-attribute-error v0.31.1
   Compiling anchor-derive-accounts v0.31.1
   Compiling anchor-derive-serde v0.31.1
   Compiling anchor-attribute-account v0.31.1
   Compiling spl-associated-token-account v6.0.0
   Compiling anchor-attribute-program v0.31.1
   Compiling anchor-lang v0.31.1
   Compiling anchor-spl v0.31.1
   Compiling canas v0.1.0 (/build/programs/canas)
warning: unexpected `cfg` condition value: `custom-heap`
  --> programs/canas/src/lib.rs:28:1
   |
28 | #[program]
   | ^^^^^^^^^^
   |
   = note: expected values for `feature` are: `cpi`, `default`, `idl-build`, `no-entrypoint`, `no-idl`, and `no-log-ix-name`
   = note: using a cfg inside a macro will use the cfgs from the destination crate and not the ones from the defining crate
   = help: try referring to `$crate::custom_heap_default` crate for guidance on how handle this unexpected cfg
   = help: the macro `$crate::custom_heap_default` may come from an old version of the `solana_program_entrypoint` crate, try updating your dependency with `cargo update -p solana_program_entrypoint`
   = note: see <https://doc.rust-lang.org/nightly/rustc/check-cfg/cargo-specifics.html> for more information about checking conditional configuration
   = note: `#[warn(unexpected_cfgs)]` on by default
   = note: this warning originates in the macro `$crate::custom_heap_default` which comes from the expansion of the attribute macro `program` (in Nightly builds, run with -Z macro-backtrace for more info)

warning: unexpected `cfg` condition value: `custom-panic`
  --> programs/canas/src/lib.rs:28:1
   |
28 | #[program]
   | ^^^^^^^^^^
   |
   = note: expected values for `feature` are: `cpi`, `default`, `idl-build`, `no-entrypoint`, `no-idl`, and `no-log-ix-name`
   = note: using a cfg inside a macro will use the cfgs from the destination crate and not the ones from the defining crate
   = help: try referring to `$crate::custom_panic_default` crate for guidance on how handle this unexpected cfg
   = help: the macro `$crate::custom_panic_default` may come from an old version of the `solana_program_entrypoint` crate, try updating your dependency with `cargo update -p solana_program_entrypoint`
   = note: see <https://doc.rust-lang.org/nightly/rustc/check-cfg/cargo-specifics.html> for more information about checking conditional configuration
   = note: this warning originates in the macro `$crate::custom_panic_default` which comes from the expansion of the attribute macro `program` (in Nightly builds, run with -Z macro-backtrace for more info)

warning: unexpected `cfg` condition value: `anchor-debug`
  --> programs/canas/src/lib.rs:28:1
   |
28 | #[program]
   | ^^^^^^^^^^
   |
   = note: expected values for `feature` are: `cpi`, `default`, `idl-build`, `no-entrypoint`, `no-idl`, and `no-log-ix-name`
   = note: using a cfg inside a attribute macro will use the cfgs from the destination crate and not the ones from the defining crate
   = help: try referring to `program` crate for guidance on how handle this unexpected cfg
   = help: the attribute macro `program` may come from an old version of the `anchor_attribute_program` crate, try updating your dependency with `cargo update -p anchor_attribute_program`
   = note: see <https://doc.rust-lang.org/nightly/rustc/check-cfg/cargo-specifics.html> for more information about checking conditional configuration
   = note: this warning originates in the attribute macro `program` (in Nightly builds, run with -Z macro-backtrace for more info)

warning: unexpected `cfg` condition value: `anchor-debug`
  --> programs/canas/src/lib.rs:28:1
   |
28 | #[program]
   | ^^^^^^^^^^
   |
   = note: expected values for `feature` are: `cpi`, `default`, `idl-build`, `no-entrypoint`, `no-idl`, and `no-log-ix-name`
   = note: using a cfg inside a derive macro will use the cfgs from the destination crate and not the ones from the defining crate
   = help: try referring to `Accounts` crate for guidance on how handle this unexpected cfg
   = help: the derive macro `Accounts` may come from an old version of the `anchor_derive_accounts` crate, try updating your dependency with `cargo update -p anchor_derive_accounts`
   = note: see <https://doc.rust-lang.org/nightly/rustc/check-cfg/cargo-specifics.html> for more information about checking conditional configuration
   = note: this warning originates in the derive macro `Accounts` (in Nightly builds, run with -Z macro-backtrace for more info)

warning: unexpected `cfg` condition value: `anchor-debug`
   --> programs/canas/src/lib.rs:595:10
    |
595 | #[derive(Accounts)]
    |          ^^^^^^^^
    |
    = note: expected values for `feature` are: `cpi`, `default`, `idl-build`, `no-entrypoint`, `no-idl`, and `no-log-ix-name`
    = note: using a cfg inside a derive macro will use the cfgs from the destination crate and not the ones from the defining crate
    = help: try referring to `Accounts` crate for guidance on how handle this unexpected cfg
    = help: the derive macro `Accounts` may come from an old version of the `anchor_derive_accounts` crate, try updating your dependency with `cargo update -p anchor_derive_accounts`
    = note: see <https://doc.rust-lang.org/nightly/rustc/check-cfg/cargo-specifics.html> for more information about checking conditional configuration
    = note: this warning originates in the derive macro `Accounts` (in Nightly builds, run with -Z macro-backtrace for more info)

warning: unexpected `cfg` condition value: `anchor-debug`
   --> programs/canas/src/lib.rs:604:10
    |
604 | #[derive(Accounts)]
    |          ^^^^^^^^
    |
    = note: expected values for `feature` are: `cpi`, `default`, `idl-build`, `no-entrypoint`, `no-idl`, and `no-log-ix-name`
    = note: using a cfg inside a derive macro will use the cfgs from the destination crate and not the ones from the defining crate
    = help: try referring to `Accounts` crate for guidance on how handle this unexpected cfg
    = help: the derive macro `Accounts` may come from an old version of the `anchor_derive_accounts` crate, try updating your dependency with `cargo update -p anchor_derive_accounts`
    = note: see <https://doc.rust-lang.org/nightly/rustc/check-cfg/cargo-specifics.html> for more information about checking conditional configuration
    = note: this warning originates in the derive macro `Accounts` (in Nightly builds, run with -Z macro-backtrace for more info)

warning: unexpected `cfg` condition value: `anchor-debug`
   --> programs/canas/src/lib.rs:611:10
    |
611 | #[derive(Accounts)]
    |          ^^^^^^^^
    |
    = note: expected values for `feature` are: `cpi`, `default`, `idl-build`, `no-entrypoint`, `no-idl`, and `no-log-ix-name`
    = note: using a cfg inside a derive macro will use the cfgs from the destination crate and not the ones from the defining crate
    = help: try referring to `Accounts` crate for guidance on how handle this unexpected cfg
    = help: the derive macro `Accounts` may come from an old version of the `anchor_derive_accounts` crate, try updating your dependency with `cargo update -p anchor_derive_accounts`
    = note: see <https://doc.rust-lang.org/nightly/rustc/check-cfg/cargo-specifics.html> for more information about checking conditional configuration
    = note: this warning originates in the derive macro `Accounts` (in Nightly builds, run with -Z macro-backtrace for more info)

warning: unexpected `cfg` condition value: `anchor-debug`
   --> programs/canas/src/lib.rs:619:10
    |
619 | #[derive(Accounts)]
    |          ^^^^^^^^
    |
    = note: expected values for `feature` are: `cpi`, `default`, `idl-build`, `no-entrypoint`, `no-idl`, and `no-log-ix-name`
    = note: using a cfg inside a derive macro will use the cfgs from the destination crate and not the ones from the defining crate
    = help: try referring to `Accounts` crate for guidance on how handle this unexpected cfg
    = help: the derive macro `Accounts` may come from an old version of the `anchor_derive_accounts` crate, try updating your dependency with `cargo update -p anchor_derive_accounts`
    = note: see <https://doc.rust-lang.org/nightly/rustc/check-cfg/cargo-specifics.html> for more information about checking conditional configuration
    = note: this warning originates in the derive macro `Accounts` (in Nightly builds, run with -Z macro-backtrace for more info)

warning: unexpected `cfg` condition value: `anchor-debug`
   --> programs/canas/src/lib.rs:665:10
    |
665 | #[derive(Accounts)]
    |          ^^^^^^^^
    |
    = note: expected values for `feature` are: `cpi`, `default`, `idl-build`, `no-entrypoint`, `no-idl`, and `no-log-ix-name`
    = note: using a cfg inside a derive macro will use the cfgs from the destination crate and not the ones from the defining crate
    = help: try referring to `Accounts` crate for guidance on how handle this unexpected cfg
    = help: the derive macro `Accounts` may come from an old version of the `anchor_derive_accounts` crate, try updating your dependency with `cargo update -p anchor_derive_accounts`
    = note: see <https://doc.rust-lang.org/nightly/rustc/check-cfg/cargo-specifics.html> for more information about checking conditional configuration
    = note: this warning originates in the derive macro `Accounts` (in Nightly builds, run with -Z macro-backtrace for more info)

warning: unexpected `cfg` condition value: `anchor-debug`
   --> programs/canas/src/lib.rs:683:10
    |
683 | #[derive(Accounts)]
    |          ^^^^^^^^
    |
    = note: expected values for `feature` are: `cpi`, `default`, `idl-build`, `no-entrypoint`, `no-idl`, and `no-log-ix-name`
    = note: using a cfg inside a derive macro will use the cfgs from the destination crate and not the ones from the defining crate
    = help: try referring to `Accounts` crate for guidance on how handle this unexpected cfg
    = help: the derive macro `Accounts` may come from an old version of the `anchor_derive_accounts` crate, try updating your dependency with `cargo update -p anchor_derive_accounts`
    = note: see <https://doc.rust-lang.org/nightly/rustc/check-cfg/cargo-specifics.html> for more information about checking conditional configuration
    = note: this warning originates in the derive macro `Accounts` (in Nightly builds, run with -Z macro-backtrace for more info)

warning: unexpected `cfg` condition value: `anchor-debug`
   --> programs/canas/src/lib.rs:702:10
    |
702 | #[derive(Accounts)]
    |          ^^^^^^^^
    |
    = note: expected values for `feature` are: `cpi`, `default`, `idl-build`, `no-entrypoint`, `no-idl`, and `no-log-ix-name`
    = note: using a cfg inside a derive macro will use the cfgs from the destination crate and not the ones from the defining crate
    = help: try referring to `Accounts` crate for guidance on how handle this unexpected cfg
    = help: the derive macro `Accounts` may come from an old version of the `anchor_derive_accounts` crate, try updating your dependency with `cargo update -p anchor_derive_accounts`
    = note: see <https://doc.rust-lang.org/nightly/rustc/check-cfg/cargo-specifics.html> for more information about checking conditional configuration
    = note: this warning originates in the derive macro `Accounts` (in Nightly builds, run with -Z macro-backtrace for more info)

warning: unexpected `cfg` condition value: `anchor-debug`
   --> programs/canas/src/lib.rs:721:10
    |
721 | #[derive(Accounts)]
    |          ^^^^^^^^
    |
    = note: expected values for `feature` are: `cpi`, `default`, `idl-build`, `no-entrypoint`, `no-idl`, and `no-log-ix-name`
    = note: using a cfg inside a derive macro will use the cfgs from the destination crate and not the ones from the defining crate
    = help: try referring to `Accounts` crate for guidance on how handle this unexpected cfg
    = help: the derive macro `Accounts` may come from an old version of the `anchor_derive_accounts` crate, try updating your dependency with `cargo update -p anchor_derive_accounts`
    = note: see <https://doc.rust-lang.org/nightly/rustc/check-cfg/cargo-specifics.html> for more information about checking conditional configuration
    = note: this warning originates in the derive macro `Accounts` (in Nightly builds, run with -Z macro-backtrace for more info)

warning: unexpected `cfg` condition value: `anchor-debug`
   --> programs/canas/src/lib.rs:759:10
    |
759 | #[derive(Accounts)]
    |          ^^^^^^^^
    |
    = note: expected values for `feature` are: `cpi`, `default`, `idl-build`, `no-entrypoint`, `no-idl`, and `no-log-ix-name`
    = note: using a cfg inside a derive macro will use the cfgs from the destination crate and not the ones from the defining crate
    = help: try referring to `Accounts` crate for guidance on how handle this unexpected cfg
    = help: the derive macro `Accounts` may come from an old version of the `anchor_derive_accounts` crate, try updating your dependency with `cargo update -p anchor_derive_accounts`
    = note: see <https://doc.rust-lang.org/nightly/rustc/check-cfg/cargo-specifics.html> for more information about checking conditional configuration
    = note: this warning originates in the derive macro `Accounts` (in Nightly builds, run with -Z macro-backtrace for more info)

warning: unexpected `cfg` condition value: `anchor-debug`
   --> programs/canas/src/lib.rs:778:10
    |
778 | #[derive(Accounts)]
    |          ^^^^^^^^
    |
    = note: expected values for `feature` are: `cpi`, `default`, `idl-build`, `no-entrypoint`, `no-idl`, and `no-log-ix-name`
    = note: using a cfg inside a derive macro will use the cfgs from the destination crate and not the ones from the defining crate
    = help: try referring to `Accounts` crate for guidance on how handle this unexpected cfg
    = help: the derive macro `Accounts` may come from an old version of the `anchor_derive_accounts` crate, try updating your dependency with `cargo update -p anchor_derive_accounts`
    = note: see <https://doc.rust-lang.org/nightly/rustc/check-cfg/cargo-specifics.html> for more information about checking conditional configuration
    = note: this warning originates in the derive macro `Accounts` (in Nightly builds, run with -Z macro-backtrace for more info)

warning: unexpected `cfg` condition value: `anchor-debug`
   --> programs/canas/src/lib.rs:796:10
    |
796 | #[derive(Accounts)]
    |          ^^^^^^^^
    |
    = note: expected values for `feature` are: `cpi`, `default`, `idl-build`, `no-entrypoint`, `no-idl`, and `no-log-ix-name`
    = note: using a cfg inside a derive macro will use the cfgs from the destination crate and not the ones from the defining crate
    = help: try referring to `Accounts` crate for guidance on how handle this unexpected cfg
    = help: the derive macro `Accounts` may come from an old version of the `anchor_derive_accounts` crate, try updating your dependency with `cargo update -p anchor_derive_accounts`
    = note: see <https://doc.rust-lang.org/nightly/rustc/check-cfg/cargo-specifics.html> for more information about checking conditional configuration
    = note: this warning originates in the derive macro `Accounts` (in Nightly builds, run with -Z macro-backtrace for more info)

warning: unexpected `cfg` condition value: `anchor-debug`
   --> programs/canas/src/lib.rs:840:10
    |
840 | #[derive(Accounts)]
    |          ^^^^^^^^
    |
    = note: expected values for `feature` are: `cpi`, `default`, `idl-build`, `no-entrypoint`, `no-idl`, and `no-log-ix-name`
    = note: using a cfg inside a derive macro will use the cfgs from the destination crate and not the ones from the defining crate
    = help: try referring to `Accounts` crate for guidance on how handle this unexpected cfg
    = help: the derive macro `Accounts` may come from an old version of the `anchor_derive_accounts` crate, try updating your dependency with `cargo update -p anchor_derive_accounts`
    = note: see <https://doc.rust-lang.org/nightly/rustc/check-cfg/cargo-specifics.html> for more information about checking conditional configuration
    = note: this warning originates in the derive macro `Accounts` (in Nightly builds, run with -Z macro-backtrace for more info)

warning: unexpected `cfg` condition value: `anchor-debug`
   --> programs/canas/src/lib.rs:869:10
    |
869 | #[derive(Accounts)]
    |          ^^^^^^^^
    |
    = note: expected values for `feature` are: `cpi`, `default`, `idl-build`, `no-entrypoint`, `no-idl`, and `no-log-ix-name`
    = note: using a cfg inside a derive macro will use the cfgs from the destination crate and not the ones from the defining crate
    = help: try referring to `Accounts` crate for guidance on how handle this unexpected cfg
    = help: the derive macro `Accounts` may come from an old version of the `anchor_derive_accounts` crate, try updating your dependency with `cargo update -p anchor_derive_accounts`
    = note: see <https://doc.rust-lang.org/nightly/rustc/check-cfg/cargo-specifics.html> for more information about checking conditional configuration
    = note: this warning originates in the derive macro `Accounts` (in Nightly builds, run with -Z macro-backtrace for more info)

warning: use of deprecated method `anchor_lang::prelude::AccountInfo::<'a>::realloc`: Use AccountInfo::resize() instead
  --> programs/canas/src/lib.rs:28:1
   |
28 | #[program]
   | ^^^^^^^^^^
   |
   = note: `#[warn(deprecated)]` on by default
   = note: this warning originates in the attribute macro `program` (in Nightly builds, run with -Z macro-backtrace for more info)

error[E0599]: no variant or associated item named `Paused` found for enum `CanasError` in the current scope
    --> programs/canas/src/lib.rs:286:59
     |
286  |         require!(!ctx.accounts.config.paused, CanasError::Paused);
     |                                                           ^^^^^^ variant or associated item not found in `CanasError`
...
1017 | pub enum CanasError {
     | ------------------- variant or associated item `Paused` not found for this enum

For more information about this error, try `rustc --explain E0599`.
warning: `canas` (lib) generated 23 warnings (5 duplicates)
error: could not compile `canas` (lib) due to 1 previous error; 23 warnings emitted
Error: Failed to cargo build
